// Jest Snapshot v1, https://goo.gl/fbAQLP

exports[`<CryptoDailyRate /> Prints correctly 1`] = `
<View
  style={
    Object {
      "alignItems": "center",
      "backgroundColor": "#FFFFFF",
      "borderRadius": 42,
      "display": "flex",
      "height": 30,
      "justifyContent": "flex-start",
      "marginTop": 25,
      "width": 80,
    }
  }
>
  <View
    style={
      Object {
        "alignItems": "center",
        "backgroundColor": "#FFFFFF",
        "borderRadius": 40,
        "display": "flex",
        "flexDirection": "row",
        "height": 30,
        "justifyContent": "center",
        "width": 80,
      }
    }
  >
    <Text
      style={
        Object {
          "color": "#00B344",
          "fontFamily": "crypto-viewer",
          "fontSize": 15,
          "paddingRight": 5,
        }
      }
      testID="sign-plus"
    >
      î ‹
    </Text>
    <Text
      style={
        Object {
          "color": "#00B344",
        }
      }
    >
      2.51%
    </Text>
  </View>
</View>
`;
