// Jest Snapshot v1, https://goo.gl/fbAQLP

exports[`<CryptoIcon /> Prints correctly 1`] = `
<View
  style={
    Object {
      "backgroundColor": "#F7931B",
      "borderRadius": 10,
      "marginRight": 10,
    }
  }
>
  <div>
    IMAGE
  </div>
</View>
`;
