// Jest Snapshot v1, https://goo.gl/fbAQLP

exports[`<Tile /> Prints correctly 1`] = `
<View
  accessible={true}
  focusable={false}
  onClick={[Function]}
  onResponderGrant={[Function]}
  onResponderMove={[Function]}
  onResponderRelease={[Function]}
  onResponderTerminate={[Function]}
  onResponderTerminationRequest={[Function]}
  onStartShouldSetResponder={[Function]}
  style={
    Object {
      "backgroundColor": "#335588",
      "borderRadius": 10,
      "display": "flex",
      "flex": 1,
      "flexDirection": "column",
      "height": 90,
      "margin": 10,
      "opacity": 1,
      "padding": 10,
    }
  }
>
  <Text
    style={
      Object {
        "color": "#FFFFFF",
        "flex": 1,
        "fontSize": 28,
      }
    }
  >
    5.52
  </Text>
  <Text
    style={
      Object {
        "color": "#FFFFFF",
        "fontSize": 14,
      }
    }
  >
    Label
  </Text>
</View>
`;
